// Jest Snapshot v1, https://goo.gl/fbAQLP

exports[`HomeScreen should match snapshoot 1`] = `
<div>
  <h1>
    HomeScreen
  </h1>
  <pre>
    {"name":"Lucas","email":"lucas@gmail.com"}
  </pre>
</div>
`;
