// Jest Snapshot v1, https://goo.gl/fbAQLP

exports[`RouterApp should match snapshoot 1`] = `
Array [
  <nav
    className="navbar navbar-expand-sm navbar-dark bg-dark"
  >
    <a
      className="navbar-brand"
      href="/"
      onClick={[Function]}
    >
      ReactRouter
    </a>
    <div
      className="collapse navbar-collapse"
    >
      <div
        className="navbar-nav"
      >
        <a
          aria-current="page"
          className="nav-item nav-link active"
          href="/"
          onClick={[Function]}
          style={Object {}}
        >
          Home
        </a>
        <a
          aria-current={null}
          className="nav-item nav-link"
          href="/about"
          onClick={[Function]}
        >
          About
        </a>
        <a
          aria-current={null}
          className="nav-item nav-link"
          href="/login"
          onClick={[Function]}
        >
          Login
        </a>
      </div>
    </div>
  </nav>,
  <div
    className="container"
  >
    <div>
      <h1>
        HomeScreen
      </h1>
      <pre>
        {}
      </pre>
    </div>
  </div>,
]
`;
